
> blogy-next@0.1.0 build
> prisma generate && next build

Environment variables loaded from .env
Prisma schema loaded from prisma\schema.prisma

Γ£ö Generated Prisma Client (v5.10.2) to .\node_modules\@prisma\client in 67ms

Start using Prisma Client in Node.js (See: https://pris.ly/d/client)
```
import { PrismaClient } from '@prisma/client'
const prisma = new PrismaClient()
```
or start using Prisma Client at the edge (See: https://pris.ly/d/accelerate)
```
import { PrismaClient } from '@prisma/client/edge'
const prisma = new PrismaClient()
```

See other ways of importing Prisma Client: http://pris.ly/d/importing-client

ΓöîΓöÇΓöÇΓöÇΓöÇΓöÇΓöÇΓöÇΓöÇΓöÇΓöÇΓöÇΓöÇΓöÇΓöÇΓöÇΓöÇΓöÇΓöÇΓöÇΓöÇΓöÇΓöÇΓöÇΓöÇΓöÇΓöÇΓöÇΓöÇΓöÇΓöÇΓöÇΓöÇΓöÇΓöÇΓöÇΓöÇΓöÇΓöÇΓöÇΓöÇΓöÇΓöÇΓöÇΓöÇΓöÇΓöÇΓöÇΓöÇΓöÇΓöÇΓöÇΓöÇΓöÇΓöÇΓöÇΓöÇΓöÇΓöÇΓöÇΓöÇΓöÇΓöÉ
Γöé  Deploying your app to serverless or edge functions?        Γöé
Γöé  Try Prisma Accelerate for connection pooling and caching.  Γöé
Γöé  https://pris.ly/cli/accelerate                             Γöé
ΓööΓöÇΓöÇΓöÇΓöÇΓöÇΓöÇΓöÇΓöÇΓöÇΓöÇΓöÇΓöÇΓöÇΓöÇΓöÇΓöÇΓöÇΓöÇΓöÇΓöÇΓöÇΓöÇΓöÇΓöÇΓöÇΓöÇΓöÇΓöÇΓöÇΓöÇΓöÇΓöÇΓöÇΓöÇΓöÇΓöÇΓöÇΓöÇΓöÇΓöÇΓöÇΓöÇΓöÇΓöÇΓöÇΓöÇΓöÇΓöÇΓöÇΓöÇΓöÇΓöÇΓöÇΓöÇΓöÇΓöÇΓöÇΓöÇΓöÇΓöÇΓöÇΓöÿ

node.exe :  ΓÜá You are using a non-standard "NODE_ENV" value 
in your environment. This creates inconsistencies in the 
project and is strongly advised against. Read more: 
https://nextjs.org/docs/messages/non-standard-node-env
At C:\Program Files\nodejs\npm.ps1:29 char:3
+   & $NODE_EXE $NPM_CLI_JS $args
+   ~~~~~~~~~~~~~~~~~~~~~~~~~~~~~
    + CategoryInfo          : NotSpecified: ( ΓÜá You are us... 
   andard-node-env:String) [], RemoteException
    + FullyQualifiedErrorId : NativeCommandError
 
   Γû▓ Next.js 15.5.12
   - Environments: .env

   Creating an optimized production build ...
 Γ£ô Compiled successfully in 1882ms
   Linting and checking validity of types ...

./src/app/api/posts/route.ts
31:12  Warning: 'error' is defined but never used.  @typescript-eslint/no-unused-vars

./src/app/blog/[id]/page.tsx
6:8  Warning: 'Link' is defined but never used.  @typescript-eslint/no-unused-vars
25:12  Warning: 'error' is defined but never used.  @typescript-eslint/no-unused-vars

info  - Need to disable some ESLint rules? Learn more here: https://nextjs.org/docs/app/api-reference/config/eslint#disabling-rules
   Collecting page data ...
Initializing Prisma Client...
Initializing Prisma Client...
Initializing Prisma Client...
Initializing Prisma Client...
Initializing Prisma Client...
   Generating static pages (0/10) ...
Error: <Html> should not be imported outside of pages/_document.
Read more: 
https://nextjs.org/docs/messages/no-document-import-in-page
    at x (C:\Deep Bhattachaejee\CODE\All full stack 
projects\Blog\.next\server\chunks\611.js:6:1351)
Error occurred prerendering page "/404". Read more: 
https://nextjs.org/docs/messages/prerender-error
Error: <Html> should not be imported outside of pages/_document.
Read more: 
https://nextjs.org/docs/messages/no-document-import-in-page
    at x (C:\Deep Bhattachaejee\CODE\All full stack 
projects\Blog\.next\server\chunks\611.js:6:1351)
Export encountered an error on /_error: /404, exiting the build.
 Γ¿» Next.js build worker exited with code: 1 and signal: null
